^.*cn.noxinfluencer.co.*
^.*blog.ontrac.co.*
^.*store.sprite.or.*
^.*xx.wwwhost.bi.*
^.*v6.facebook.co.*
^.*ip6.static.sl-reverse.co.*
^.*www.ampproject.or.*
^.*cdn.ampproject.or.*
^.*redirector.gvt1.co.*
^.*aftygh.gov.t.*
^.*aide.gov.t.*
^.*tpde.aide.gov.t.*
^.*arte.gov.t.*
^.*chukuang.gov.t.*
^.*cwb.gov.t.*
^.*cycab.gov.t.*
^.*dbnsa.gov.t.*
^.*df.gov.t.*
^.*eastcoast-nsa.gov.t.*
^.*erv-nsa.gov.t.*
^.*grb.gov.t.*
^.*gysd.nyc.gov.t.*
^.*hchcc.gov.t.*
^.*hsinchu-cc.gov.t.*
^.*iner.gov.t.*
^.*klsio.gov.t.*
^.*kmseh.gov.t.*
^.*lungtanhr.gov.t.*
^.*maolin-nsa.gov.t.*
^.*matsu-news.gov.t.*
^.*matsu-nsa.gov.t.*
^.*matsucc.gov.t.*
^.*moe.gov.t.*
^.*nankan.gov.t.*
^.*ncree.gov.t.*
^.*necoast-nsa.gov.t.*
^.*siraya-nsa.gov.t.*
^.*cromotc.nat.gov.t.*
^.*tax.nat.gov.t.*
^.*necoast-nsa.gov.t.*
^.*ner.gov.t.*
^.*nmmba.gov.t.*
^.*nmp.gov.t.*
^.*nmvttc.gov.t.*
^.*northguan-nsa.gov.t.*
^.*npm.gov.t.*
^.*nstm.gov.t.*
^.*ntdmh.gov.t.*
^.*ntl.gov.t.*
^.*ntsec.gov.t.*
^.*ntuh.gov.t.*
^.*nvri.gov.t.*
^.*penghu-nsa.gov.t.*
^.*post.gov.t.*
^.*siraya-nsa.gov.t.*
^.*stdtime.gov.t.*
^.*sunmoonlake.gov.t.*
^.*taitung-house.gov.t.*
^.*taoyuan.gov.t.*
^.*tphcc.gov.t.*
^.*trimt-nsa.gov.t.*
^.*vghtpe.gov.t.*
^.*vghks.gov.t.*
^.*vghtc.gov.t.*
^.*wanfang.gov.t.*
^.*yatsen.gov.t.*
^.*yda.gov.t.*
^.*bianlei.co.*
^.*jpush.c.*
^.*www.exblog.j.*
^.*site.locql.co.*
^.*download.syniumsoftware.co.*
^.*haygo.co.*
^.*hiwifi.co.*
^.*myvlog.im.t.*
^.*music.jwmusic.or.*
^.*www.kodingen.co.*
^.*www.lightnovel.c.*
^.*openwrt.org.c.*
^.*simplecd.m.*
^.*static.soup.i.*
^.*www.typepad.co.*
^.*static.typepad.co.*
^.*vpser.ne.*
^.*wallproxy.com.c.*
^.*aliyun.co.*
^.*baidu.co.*
^.*chinaso.co.*
^.*chinaz.co.*
^.*nrch.culture.tw.*
^.*adservice.google.co.*
^.*dl.google.co.*
^.*tools.google.co.*
^.*clientservices.googleapis.co.*
^.*fonts.googleapis.co.*
^.*storage.googleapis.co.*
^.*update.googleapis.co.*
^.*safebrowsing.googleapis.co.*
^.*cn.gravatar.co.*
^.*haosou.co.*
^.*ip.c.*
^.*jike.co.*
^.*translate.google.c.*
^.*www.google.cn/map.*
^.*http2.golang.or.*
^.*gov.c.*
^.*ocsp.pki.goo.*
^.*qq.co.*
^.*sina.c.*
^.*sina.com.c.*
^.*sogou.co.*
^.*so.co.*
^.*soso.co.*
^.*uluai.com.c.*
^.*weibo.co.*
^.*yahoo.c.*
^.*youdao.co.*
^.*zhongsou.co.*
^.*ime.baidu.j.*
